Archive member included because of file (symbol)

e:/embedded diploma/eclipse_avr/imt_sdk_win_64/winavr/bin/../lib/gcc/avr/4.3.3/avr5\libgcc.a(_exit.o)
                              e:/embedded diploma/eclipse_avr/imt_sdk_win_64/winavr/bin/../lib/gcc/avr/4.3.3/../../../../avr/lib/avr5/crtm32.o (exit)
e:/embedded diploma/eclipse_avr/imt_sdk_win_64/winavr/bin/../lib/gcc/avr/4.3.3/avr5\libgcc.a(_copy_data.o)
                              ./mcal/gpio/gpio.o (__do_copy_data)
e:/embedded diploma/eclipse_avr/imt_sdk_win_64/winavr/bin/../lib/gcc/avr/4.3.3/avr5\libgcc.a(_clear_bss.o)
                              ./mcal/interrupt/external_interrupt.o (__do_clear_bss)
e:/embedded diploma/eclipse_avr/imt_sdk_win_64/winavr/bin/../lib/gcc/avr/4.3.3/avr5\libgcc.a(_fixunssfsi.o)
                              ./hal/lcd/lcd.o (__fixunssfsi)
e:/embedded diploma/eclipse_avr/imt_sdk_win_64/winavr/bin/../lib/gcc/avr/4.3.3/avr5\libgcc.a(_addsub_sf.o)
                              e:/embedded diploma/eclipse_avr/imt_sdk_win_64/winavr/bin/../lib/gcc/avr/4.3.3/avr5\libgcc.a(_fixunssfsi.o) (__subsf3)
e:/embedded diploma/eclipse_avr/imt_sdk_win_64/winavr/bin/../lib/gcc/avr/4.3.3/avr5\libgcc.a(_mul_sf.o)
                              ./hal/lcd/lcd.o (__mulsf3)
e:/embedded diploma/eclipse_avr/imt_sdk_win_64/winavr/bin/../lib/gcc/avr/4.3.3/avr5\libgcc.a(_div_sf.o)
                              ./hal/lcd/lcd.o (__divsf3)
e:/embedded diploma/eclipse_avr/imt_sdk_win_64/winavr/bin/../lib/gcc/avr/4.3.3/avr5\libgcc.a(_gt_sf.o)
                              ./hal/lcd/lcd.o (__gtsf2)
e:/embedded diploma/eclipse_avr/imt_sdk_win_64/winavr/bin/../lib/gcc/avr/4.3.3/avr5\libgcc.a(_ge_sf.o)
                              e:/embedded diploma/eclipse_avr/imt_sdk_win_64/winavr/bin/../lib/gcc/avr/4.3.3/avr5\libgcc.a(_fixunssfsi.o) (__gesf2)
e:/embedded diploma/eclipse_avr/imt_sdk_win_64/winavr/bin/../lib/gcc/avr/4.3.3/avr5\libgcc.a(_lt_sf.o)
                              ./hal/lcd/lcd.o (__ltsf2)
e:/embedded diploma/eclipse_avr/imt_sdk_win_64/winavr/bin/../lib/gcc/avr/4.3.3/avr5\libgcc.a(_sf_to_si.o)
                              e:/embedded diploma/eclipse_avr/imt_sdk_win_64/winavr/bin/../lib/gcc/avr/4.3.3/avr5\libgcc.a(_fixunssfsi.o) (__fixsfsi)
e:/embedded diploma/eclipse_avr/imt_sdk_win_64/winavr/bin/../lib/gcc/avr/4.3.3/avr5\libgcc.a(_thenan_sf.o)
                              e:/embedded diploma/eclipse_avr/imt_sdk_win_64/winavr/bin/../lib/gcc/avr/4.3.3/avr5\libgcc.a(_addsub_sf.o) (__thenan_sf)
e:/embedded diploma/eclipse_avr/imt_sdk_win_64/winavr/bin/../lib/gcc/avr/4.3.3/avr5\libgcc.a(_prologue.o)
                              e:/embedded diploma/eclipse_avr/imt_sdk_win_64/winavr/bin/../lib/gcc/avr/4.3.3/avr5\libgcc.a(_addsub_sf.o) (__prologue_saves__)
e:/embedded diploma/eclipse_avr/imt_sdk_win_64/winavr/bin/../lib/gcc/avr/4.3.3/avr5\libgcc.a(_epilogue.o)
                              e:/embedded diploma/eclipse_avr/imt_sdk_win_64/winavr/bin/../lib/gcc/avr/4.3.3/avr5\libgcc.a(_addsub_sf.o) (__epilogue_restores__)
e:/embedded diploma/eclipse_avr/imt_sdk_win_64/winavr/bin/../lib/gcc/avr/4.3.3/avr5\libgcc.a(_pack_sf.o)
                              e:/embedded diploma/eclipse_avr/imt_sdk_win_64/winavr/bin/../lib/gcc/avr/4.3.3/avr5\libgcc.a(_addsub_sf.o) (__pack_f)
e:/embedded diploma/eclipse_avr/imt_sdk_win_64/winavr/bin/../lib/gcc/avr/4.3.3/avr5\libgcc.a(_unpack_sf.o)
                              e:/embedded diploma/eclipse_avr/imt_sdk_win_64/winavr/bin/../lib/gcc/avr/4.3.3/avr5\libgcc.a(_addsub_sf.o) (__unpack_f)
e:/embedded diploma/eclipse_avr/imt_sdk_win_64/winavr/bin/../lib/gcc/avr/4.3.3/avr5\libgcc.a(_fpcmp_parts_sf.o)
                              e:/embedded diploma/eclipse_avr/imt_sdk_win_64/winavr/bin/../lib/gcc/avr/4.3.3/avr5\libgcc.a(_gt_sf.o) (__fpcmp_parts_f)
e:/embedded diploma/eclipse_avr/imt_sdk_win_64/winavr/bin/../lib/gcc/avr/4.3.3/../../../../avr/lib/avr5\libc.a(memset.o)
                              ./hal/lcd/lcd.o (memset)
e:/embedded diploma/eclipse_avr/imt_sdk_win_64/winavr/bin/../lib/gcc/avr/4.3.3/../../../../avr/lib/avr5\libc.a(sprintf.o)
                              ./hal/lcd/lcd.o (sprintf)
e:/embedded diploma/eclipse_avr/imt_sdk_win_64/winavr/bin/../lib/gcc/avr/4.3.3/../../../../avr/lib/avr5\libc.a(vfprintf_std.o)
                              e:/embedded diploma/eclipse_avr/imt_sdk_win_64/winavr/bin/../lib/gcc/avr/4.3.3/../../../../avr/lib/avr5\libc.a(sprintf.o) (vfprintf)
e:/embedded diploma/eclipse_avr/imt_sdk_win_64/winavr/bin/../lib/gcc/avr/4.3.3/../../../../avr/lib/avr5\libc.a(strnlen_P.o)
                              e:/embedded diploma/eclipse_avr/imt_sdk_win_64/winavr/bin/../lib/gcc/avr/4.3.3/../../../../avr/lib/avr5\libc.a(vfprintf_std.o) (strnlen_P)
e:/embedded diploma/eclipse_avr/imt_sdk_win_64/winavr/bin/../lib/gcc/avr/4.3.3/../../../../avr/lib/avr5\libc.a(strnlen.o)
                              e:/embedded diploma/eclipse_avr/imt_sdk_win_64/winavr/bin/../lib/gcc/avr/4.3.3/../../../../avr/lib/avr5\libc.a(vfprintf_std.o) (strnlen)
e:/embedded diploma/eclipse_avr/imt_sdk_win_64/winavr/bin/../lib/gcc/avr/4.3.3/../../../../avr/lib/avr5\libc.a(fputc.o)
                              e:/embedded diploma/eclipse_avr/imt_sdk_win_64/winavr/bin/../lib/gcc/avr/4.3.3/../../../../avr/lib/avr5\libc.a(vfprintf_std.o) (fputc)
e:/embedded diploma/eclipse_avr/imt_sdk_win_64/winavr/bin/../lib/gcc/avr/4.3.3/../../../../avr/lib/avr5\libc.a(ultoa_invert.o)
                              e:/embedded diploma/eclipse_avr/imt_sdk_win_64/winavr/bin/../lib/gcc/avr/4.3.3/../../../../avr/lib/avr5\libc.a(vfprintf_std.o) (__ultoa_invert)

Allocating common symbols
Common symbol       size              file

lcd                 0x6               ./app/app.o

Memory Configuration

Name             Origin             Length             Attributes
text             0x00000000         0x00020000         xr
data             0x00800060         0x0000ffa0         rw !x
eeprom           0x00810000         0x00010000         rw !x
fuse             0x00820000         0x00000400         rw !x
lock             0x00830000         0x00000400         rw !x
signature        0x00840000         0x00000400         rw !x
*default*        0x00000000         0xffffffff

Linker script and memory map

LOAD e:/embedded diploma/eclipse_avr/imt_sdk_win_64/winavr/bin/../lib/gcc/avr/4.3.3/../../../../avr/lib/avr5/crtm32.o
LOAD ./mcal/uart/uart.o
LOAD ./mcal/timer0/timer0.o
LOAD ./mcal/spi/spi.o
LOAD ./mcal/interrupt/external_interrupt.o
LOAD ./mcal/interrupt/general_interrupt.o
LOAD ./mcal/i2c/i2c.o
LOAD ./mcal/gpio/gpio.o
LOAD ./mcal/eeprom/eeprom.o
LOAD ./hal/seven_segment/seven_segment.o
LOAD ./hal/relay/relay.o
LOAD ./hal/led/led.o
LOAD ./hal/lcd/lcd.o
LOAD ./hal/keypad/keypad.o
LOAD ./hal/button/button.o
LOAD ./app/app.o
LOAD e:/embedded diploma/eclipse_avr/imt_sdk_win_64/winavr/bin/../lib/gcc/avr/4.3.3/avr5\libgcc.a
LOAD e:/embedded diploma/eclipse_avr/imt_sdk_win_64/winavr/bin/../lib/gcc/avr/4.3.3/../../../../avr/lib/avr5\libc.a
LOAD e:/embedded diploma/eclipse_avr/imt_sdk_win_64/winavr/bin/../lib/gcc/avr/4.3.3/avr5\libgcc.a

.hash
 *(.hash)

.dynsym
 *(.dynsym)

.dynstr
 *(.dynstr)

.gnu.version
 *(.gnu.version)

.gnu.version_d
 *(.gnu.version_d)

.gnu.version_r
 *(.gnu.version_r)

.rel.init
 *(.rel.init)

.rela.init
 *(.rela.init)

.rel.text
 *(.rel.text)
 *(.rel.text.*)
 *(.rel.gnu.linkonce.t*)

.rela.text
 *(.rela.text)
 *(.rela.text.*)
 *(.rela.gnu.linkonce.t*)

.rel.fini
 *(.rel.fini)

.rela.fini
 *(.rela.fini)

.rel.rodata
 *(.rel.rodata)
 *(.rel.rodata.*)
 *(.rel.gnu.linkonce.r*)

.rela.rodata
 *(.rela.rodata)
 *(.rela.rodata.*)
 *(.rela.gnu.linkonce.r*)

.rel.data
 *(.rel.data)
 *(.rel.data.*)
 *(.rel.gnu.linkonce.d*)

.rela.data
 *(.rela.data)
 *(.rela.data.*)
 *(.rela.gnu.linkonce.d*)

.rel.ctors
 *(.rel.ctors)

.rela.ctors
 *(.rela.ctors)

.rel.dtors
 *(.rel.dtors)

.rela.dtors
 *(.rela.dtors)

.rel.got
 *(.rel.got)

.rela.got
 *(.rela.got)

.rel.bss
 *(.rel.bss)

.rela.bss
 *(.rela.bss)

.rel.plt
 *(.rel.plt)

.rela.plt
 *(.rela.plt)

.text           0x00000000     0x42b0
 *(.vectors)
 .vectors       0x00000000       0x54 e:/embedded diploma/eclipse_avr/imt_sdk_win_64/winavr/bin/../lib/gcc/avr/4.3.3/../../../../avr/lib/avr5/crtm32.o
                0x00000000                __vectors
                0x00000000                __vector_default
 *(.vectors)
 *(.progmem.gcc*)
 *(.progmem*)
                0x00000054                . = ALIGN (0x2)
                0x00000054                __trampolines_start = .
 *(.trampolines)
 .trampolines   0x00000054        0x0 linker stubs
 *(.trampolines*)
                0x00000054                __trampolines_end = .
 *(.jumptables)
 *(.jumptables*)
 *(.lowtext)
 *(.lowtext*)
                0x00000054                __ctors_start = .
 *(.ctors)
                0x00000054                __ctors_end = .
                0x00000054                __dtors_start = .
 *(.dtors)
                0x00000054                __dtors_end = .
 SORT(*)(.ctors)
 SORT(*)(.dtors)
 *(.init0)
 .init0         0x00000054        0x0 e:/embedded diploma/eclipse_avr/imt_sdk_win_64/winavr/bin/../lib/gcc/avr/4.3.3/../../../../avr/lib/avr5/crtm32.o
                0x00000054                __init
 *(.init0)
 *(.init1)
 *(.init1)
 *(.init2)
 .init2         0x00000054        0xc e:/embedded diploma/eclipse_avr/imt_sdk_win_64/winavr/bin/../lib/gcc/avr/4.3.3/../../../../avr/lib/avr5/crtm32.o
 *(.init2)
 *(.init3)
 *(.init3)
 *(.init4)
 .init4         0x00000060       0x16 e:/embedded diploma/eclipse_avr/imt_sdk_win_64/winavr/bin/../lib/gcc/avr/4.3.3/avr5\libgcc.a(_copy_data.o)
                0x00000060                __do_copy_data
 .init4         0x00000076       0x10 e:/embedded diploma/eclipse_avr/imt_sdk_win_64/winavr/bin/../lib/gcc/avr/4.3.3/avr5\libgcc.a(_clear_bss.o)
                0x00000076                __do_clear_bss
 *(.init4)
 *(.init5)
 *(.init5)
 *(.init6)
 *(.init6)
 *(.init7)
 *(.init7)
 *(.init8)
 *(.init8)
 *(.init9)
 .init9         0x00000086        0x8 e:/embedded diploma/eclipse_avr/imt_sdk_win_64/winavr/bin/../lib/gcc/avr/4.3.3/../../../../avr/lib/avr5/crtm32.o
 *(.init9)
 *(.text)
 .text          0x0000008e        0x4 e:/embedded diploma/eclipse_avr/imt_sdk_win_64/winavr/bin/../lib/gcc/avr/4.3.3/../../../../avr/lib/avr5/crtm32.o
                0x0000008e                __vector_12
                0x0000008e                __bad_interrupt
                0x0000008e                __vector_6
                0x0000008e                __vector_11
                0x0000008e                __vector_13
                0x0000008e                __vector_17
                0x0000008e                __vector_19
                0x0000008e                __vector_7
                0x0000008e                __vector_5
                0x0000008e                __vector_4
                0x0000008e                __vector_9
                0x0000008e                __vector_15
                0x0000008e                __vector_8
                0x0000008e                __vector_14
                0x0000008e                __vector_10
                0x0000008e                __vector_16
                0x0000008e                __vector_18
                0x0000008e                __vector_20
 .text          0x00000092        0x0 ./mcal/uart/uart.o
 .text          0x00000092        0x0 ./mcal/timer0/timer0.o
 .text          0x00000092        0x0 ./mcal/spi/spi.o
 .text          0x00000092        0x0 ./mcal/interrupt/external_interrupt.o
 .text          0x00000092        0x0 ./mcal/interrupt/general_interrupt.o
 .text          0x00000092        0x0 ./mcal/i2c/i2c.o
 .text          0x00000092        0x0 ./mcal/gpio/gpio.o
 .text          0x00000092        0x0 ./mcal/eeprom/eeprom.o
 .text          0x00000092        0x0 ./hal/seven_segment/seven_segment.o
 .text          0x00000092        0x0 ./hal/relay/relay.o
 .text          0x00000092        0x0 ./hal/led/led.o
 .text          0x00000092        0x0 ./hal/lcd/lcd.o
 .text          0x00000092        0x0 ./hal/keypad/keypad.o
 .text          0x00000092        0x0 ./hal/button/button.o
 .text          0x00000092        0x0 ./app/app.o
 .text          0x00000092        0x0 e:/embedded diploma/eclipse_avr/imt_sdk_win_64/winavr/bin/../lib/gcc/avr/4.3.3/avr5\libgcc.a(_exit.o)
 .text          0x00000092        0x0 e:/embedded diploma/eclipse_avr/imt_sdk_win_64/winavr/bin/../lib/gcc/avr/4.3.3/avr5\libgcc.a(_copy_data.o)
 .text          0x00000092        0x0 e:/embedded diploma/eclipse_avr/imt_sdk_win_64/winavr/bin/../lib/gcc/avr/4.3.3/avr5\libgcc.a(_clear_bss.o)
 .text          0x00000092       0x58 e:/embedded diploma/eclipse_avr/imt_sdk_win_64/winavr/bin/../lib/gcc/avr/4.3.3/avr5\libgcc.a(_fixunssfsi.o)
                0x00000092                __fixunssfsi
 .text          0x000000ea      0x354 e:/embedded diploma/eclipse_avr/imt_sdk_win_64/winavr/bin/../lib/gcc/avr/4.3.3/avr5\libgcc.a(_addsub_sf.o)
                0x00000382                __subsf3
                0x000003e4                __addsf3
 .text          0x0000043e      0x1f4 e:/embedded diploma/eclipse_avr/imt_sdk_win_64/winavr/bin/../lib/gcc/avr/4.3.3/avr5\libgcc.a(_mul_sf.o)
                0x0000043e                __mulsf3
 .text          0x00000632      0x158 e:/embedded diploma/eclipse_avr/imt_sdk_win_64/winavr/bin/../lib/gcc/avr/4.3.3/avr5\libgcc.a(_div_sf.o)
                0x00000632                __divsf3
 .text          0x0000078a       0x60 e:/embedded diploma/eclipse_avr/imt_sdk_win_64/winavr/bin/../lib/gcc/avr/4.3.3/avr5\libgcc.a(_gt_sf.o)
                0x0000078a                __gtsf2
 .text          0x000007ea       0x60 e:/embedded diploma/eclipse_avr/imt_sdk_win_64/winavr/bin/../lib/gcc/avr/4.3.3/avr5\libgcc.a(_ge_sf.o)
                0x000007ea                __gesf2
 .text          0x0000084a       0x60 e:/embedded diploma/eclipse_avr/imt_sdk_win_64/winavr/bin/../lib/gcc/avr/4.3.3/avr5\libgcc.a(_lt_sf.o)
                0x0000084a                __ltsf2
 .text          0x000008aa       0xa8 e:/embedded diploma/eclipse_avr/imt_sdk_win_64/winavr/bin/../lib/gcc/avr/4.3.3/avr5\libgcc.a(_sf_to_si.o)
                0x000008aa                __fixsfsi
 .text          0x00000952        0x0 e:/embedded diploma/eclipse_avr/imt_sdk_win_64/winavr/bin/../lib/gcc/avr/4.3.3/avr5\libgcc.a(_thenan_sf.o)
 .text          0x00000952        0x0 e:/embedded diploma/eclipse_avr/imt_sdk_win_64/winavr/bin/../lib/gcc/avr/4.3.3/avr5\libgcc.a(_prologue.o)
 .text          0x00000952        0x0 e:/embedded diploma/eclipse_avr/imt_sdk_win_64/winavr/bin/../lib/gcc/avr/4.3.3/avr5\libgcc.a(_epilogue.o)
 .text          0x00000952      0x1aa e:/embedded diploma/eclipse_avr/imt_sdk_win_64/winavr/bin/../lib/gcc/avr/4.3.3/avr5\libgcc.a(_pack_sf.o)
                0x00000952                __pack_f
 .text          0x00000afc       0xf0 e:/embedded diploma/eclipse_avr/imt_sdk_win_64/winavr/bin/../lib/gcc/avr/4.3.3/avr5\libgcc.a(_unpack_sf.o)
                0x00000afc                __unpack_f
 .text          0x00000bec       0xb2 e:/embedded diploma/eclipse_avr/imt_sdk_win_64/winavr/bin/../lib/gcc/avr/4.3.3/avr5\libgcc.a(_fpcmp_parts_sf.o)
                0x00000bec                __fpcmp_parts_f
 .text          0x00000c9e        0x0 e:/embedded diploma/eclipse_avr/imt_sdk_win_64/winavr/bin/../lib/gcc/avr/4.3.3/../../../../avr/lib/avr5\libc.a(memset.o)
 .text          0x00000c9e        0x0 e:/embedded diploma/eclipse_avr/imt_sdk_win_64/winavr/bin/../lib/gcc/avr/4.3.3/../../../../avr/lib/avr5\libc.a(sprintf.o)
 .text          0x00000c9e        0x0 e:/embedded diploma/eclipse_avr/imt_sdk_win_64/winavr/bin/../lib/gcc/avr/4.3.3/../../../../avr/lib/avr5\libc.a(vfprintf_std.o)
 .text          0x00000c9e        0x0 e:/embedded diploma/eclipse_avr/imt_sdk_win_64/winavr/bin/../lib/gcc/avr/4.3.3/../../../../avr/lib/avr5\libc.a(strnlen_P.o)
 .text          0x00000c9e        0x0 e:/embedded diploma/eclipse_avr/imt_sdk_win_64/winavr/bin/../lib/gcc/avr/4.3.3/../../../../avr/lib/avr5\libc.a(strnlen.o)
 .text          0x00000c9e        0x0 e:/embedded diploma/eclipse_avr/imt_sdk_win_64/winavr/bin/../lib/gcc/avr/4.3.3/../../../../avr/lib/avr5\libc.a(fputc.o)
 .text          0x00000c9e        0x0 e:/embedded diploma/eclipse_avr/imt_sdk_win_64/winavr/bin/../lib/gcc/avr/4.3.3/../../../../avr/lib/avr5\libc.a(ultoa_invert.o)
                0x00000c9e                . = ALIGN (0x2)
 *(.text.*)
 .text.uart_initialize
                0x00000c9e       0xce ./mcal/uart/uart.o
                0x00000c9e                uart_initialize
 .text.uart_send_char
                0x00000d6c       0x36 ./mcal/uart/uart.o
                0x00000d6c                uart_send_char
 .text.uart_receive_char
                0x00000da2       0x48 ./mcal/uart/uart.o
                0x00000da2                uart_receive_char
 .text.uart_send_string
                0x00000dea       0x7a ./mcal/uart/uart.o
                0x00000dea                uart_send_string
 .text.uart_receive_string
                0x00000e64       0x8a ./mcal/uart/uart.o
                0x00000e64                uart_receive_string
 .text.SPI_Init
                0x00000eee       0x24 ./mcal/spi/spi.o
                0x00000eee                SPI_Init
 .text.SPI_Transmit
                0x00000f12       0x26 ./mcal/spi/spi.o
                0x00000f12                SPI_Transmit
 .text.SPI_Receive
                0x00000f38       0x1e ./mcal/spi/spi.o
                0x00000f38                SPI_Receive
 .text.Interrupt_INTx_Init
                0x00000f56      0x2b8 ./mcal/interrupt/external_interrupt.o
                0x00000f56                Interrupt_INTx_Init
 .text.Interrupt_INTx_DeInit
                0x0000120e       0x90 ./mcal/interrupt/external_interrupt.o
                0x0000120e                Interrupt_INTx_DeInit
 .text.INT0_SetInterruptHandler
                0x0000129e       0x42 ./mcal/interrupt/external_interrupt.o
 .text.INT1_SetInterruptHandler
                0x000012e0       0x42 ./mcal/interrupt/external_interrupt.o
 .text.INT2_SetInterruptHandler
                0x00001322       0x42 ./mcal/interrupt/external_interrupt.o
 .text.__vector_1
                0x00001364       0x66 ./mcal/interrupt/external_interrupt.o
                0x00001364                __vector_1
 .text.__vector_2
                0x000013ca       0x66 ./mcal/interrupt/external_interrupt.o
                0x000013ca                __vector_2
 .text.__vector_3
                0x00001430       0x66 ./mcal/interrupt/external_interrupt.o
                0x00001430                __vector_3
 .text.gie_interrupt_enable
                0x00001496       0x1e ./mcal/interrupt/general_interrupt.o
                0x00001496                gie_interrupt_enable
 .text.gie_interrupt_disable
                0x000014b4       0x1e ./mcal/interrupt/general_interrupt.o
                0x000014b4                gie_interrupt_disable
 .text.I2C_init
                0x000014d2       0x50 ./mcal/i2c/i2c.o
                0x000014d2                I2C_init
 .text.I2C_start
                0x00001522       0x4c ./mcal/i2c/i2c.o
                0x00001522                I2C_start
 .text.I2C_stop
                0x0000156e       0x58 ./mcal/i2c/i2c.o
                0x0000156e                I2C_stop
 .text.I2C_read_ack
                0x000015c6       0x72 ./mcal/i2c/i2c.o
                0x000015c6                I2C_read_ack
 .text.I2C_read_nack
                0x00001638       0x64 ./mcal/i2c/i2c.o
                0x00001638                I2C_read_nack
 .text.I2C_write
                0x0000169c       0x36 ./mcal/i2c/i2c.o
                0x0000169c                I2C_write
 .text.gpio_pin_direction_intialize
                0x000016d2      0x130 ./mcal/gpio/gpio.o
                0x000016d2                gpio_pin_direction_intialize
 .text.gpio_pin_get_direction_status
                0x00001802       0x86 ./mcal/gpio/gpio.o
                0x00001802                gpio_pin_get_direction_status
 .text.gpio_pin_write_logic
                0x00001888      0x12a ./mcal/gpio/gpio.o
                0x00001888                gpio_pin_write_logic
 .text.gpio_pin_read_logic
                0x000019b2       0x8e ./mcal/gpio/gpio.o
                0x000019b2                gpio_pin_read_logic
 .text.gpio_pin_toggle_logic
                0x00001a40       0x92 ./mcal/gpio/gpio.o
                0x00001a40                gpio_pin_toggle_logic
 .text.gpio_pin_intialize
                0x00001ad2       0x56 ./mcal/gpio/gpio.o
                0x00001ad2                gpio_pin_intialize
 .text.gpio_port_direction_intialize
                0x00001b28       0x4a ./mcal/gpio/gpio.o
                0x00001b28                gpio_port_direction_intialize
 .text.gpio_port_get_direction_status
                0x00001b72       0x5a ./mcal/gpio/gpio.o
                0x00001b72                gpio_port_get_direction_status
 .text.gpio_port_write_logic
                0x00001bcc       0x4a ./mcal/gpio/gpio.o
                0x00001bcc                gpio_port_write_logic
 .text.gpio_port_read_logic
                0x00001c16       0x5a ./mcal/gpio/gpio.o
                0x00001c16                gpio_port_read_logic
 .text.gpio_port_toggle_logic
                0x00001c70       0x5a ./mcal/gpio/gpio.o
                0x00001c70                gpio_port_toggle_logic
 .text.eeprom_write_byte
                0x00001cca       0x56 ./mcal/eeprom/eeprom.o
                0x00001cca                eeprom_write_byte
 .text.eeprom_read_byte
                0x00001d20       0x62 ./mcal/eeprom/eeprom.o
                0x00001d20                eeprom_read_byte
 .text.relay_initialize
                0x00001d82       0x96 ./hal/relay/relay.o
                0x00001d82                relay_initialize
 .text.relay_turn_on
                0x00001e18       0x98 ./hal/relay/relay.o
                0x00001e18                relay_turn_on
 .text.relay_turn_off
                0x00001eb0       0x98 ./hal/relay/relay.o
                0x00001eb0                relay_turn_off
 .text.relay_turn_toggle
                0x00001f48       0x96 ./hal/relay/relay.o
                0x00001f48                relay_turn_toggle
 .text.led_initialize
                0x00001fde       0x9a ./hal/led/led.o
                0x00001fde                led_initialize
 .text.led_turn_on
                0x00002078       0x9c ./hal/led/led.o
                0x00002078                led_turn_on
 .text.led_turn_off
                0x00002114       0x9c ./hal/led/led.o
                0x00002114                led_turn_off
 .text.led_turn_toggle
                0x000021b0       0x9a ./hal/led/led.o
                0x000021b0                led_turn_toggle
 .text.lcd_4bit_intialize
                0x0000224a      0x42e ./hal/lcd/lcd.o
                0x0000224a                lcd_4bit_intialize
 .text.lcd_4bit_send_command
                0x00002678       0x72 ./hal/lcd/lcd.o
                0x00002678                lcd_4bit_send_command
 .text.lcd_4bit_send_char_data
                0x000026ea       0x72 ./hal/lcd/lcd.o
                0x000026ea                lcd_4bit_send_char_data
 .text.lcd_4bit_send_char_data_pos
                0x0000275c       0x56 ./hal/lcd/lcd.o
                0x0000275c                lcd_4bit_send_char_data_pos
 .text.lcd_4bit_send_string
                0x000027b2       0x5e ./hal/lcd/lcd.o
                0x000027b2                lcd_4bit_send_string
 .text.lcd_4bit_send_string_pos
                0x00002810       0x7a ./hal/lcd/lcd.o
                0x00002810                lcd_4bit_send_string_pos
 .text.lcd_4bit_send_custom_char
                0x0000288a       0xac ./hal/lcd/lcd.o
                0x0000288a                lcd_4bit_send_custom_char
 .text.lcd_8bit_intialize
                0x00002936      0x42e ./hal/lcd/lcd.o
                0x00002936                lcd_8bit_intialize
 .text.lcd_8bit_send_command
                0x00002d64       0x9c ./hal/lcd/lcd.o
                0x00002d64                lcd_8bit_send_command
 .text.lcd_8bit_send_char_data
                0x00002e00       0x9c ./hal/lcd/lcd.o
                0x00002e00                lcd_8bit_send_char_data
 .text.lcd_8bit_send_char_data_pos
                0x00002e9c       0x56 ./hal/lcd/lcd.o
                0x00002e9c                lcd_8bit_send_char_data_pos
 .text.lcd_8bit_send_string
                0x00002ef2       0x5e ./hal/lcd/lcd.o
                0x00002ef2                lcd_8bit_send_string
 .text.lcd_8bit_send_string_pos
                0x00002f50       0x62 ./hal/lcd/lcd.o
                0x00002f50                lcd_8bit_send_string_pos
 .text.lcd_8bit_send_custom_char
                0x00002fb2       0xac ./hal/lcd/lcd.o
                0x00002fb2                lcd_8bit_send_custom_char
 .text.convert_uint8_to_string
                0x0000305e       0x7c ./hal/lcd/lcd.o
                0x0000305e                convert_uint8_to_string
 .text.convert_uint16_to_string
                0x000030da       0xe6 ./hal/lcd/lcd.o
                0x000030da                convert_uint16_to_string
 .text.convert_uint32_to_string
                0x000031c0       0x9e ./hal/lcd/lcd.o
                0x000031c0                convert_uint32_to_string
 .text.lcd_send_4bits
                0x0000325e       0x9a ./hal/lcd/lcd.o
 .text.lcd_4bit_send_enable_signal
                0x000032f8      0x1c8 ./hal/lcd/lcd.o
 .text.lcd_8bit_send_enable_signal
                0x000034c0      0x1c8 ./hal/lcd/lcd.o
 .text.lcd_8bit_set_cursor
                0x00003688       0xc8 ./hal/lcd/lcd.o
 .text.lcd_4bit_set_cursor
                0x00003750       0xc8 ./hal/lcd/lcd.o
 .text.keypad_initialize
                0x00003818       0xa6 ./hal/keypad/keypad.o
                0x00003818                keypad_initialize
 .text.keypad_get_value
                0x000038be      0x1e4 ./hal/keypad/keypad.o
                0x000038be                keypad_get_value
 .text.button_init
                0x00003aa2       0x52 ./hal/button/button.o
                0x00003aa2                button_init
 .text.button_read_state
                0x00003af4       0xce ./hal/button/button.o
                0x00003af4                button_read_state
 .text.main     0x00003bc2        0xe ./app/app.o
                0x00003bc2                main
 .text.components_init
                0x00003bd0      0x11e ./app/app.o
                0x00003bd0                components_init
 .text.libgcc   0x00003cee        0x0 e:/embedded diploma/eclipse_avr/imt_sdk_win_64/winavr/bin/../lib/gcc/avr/4.3.3/avr5\libgcc.a(_exit.o)
 .text.libgcc   0x00003cee        0x0 e:/embedded diploma/eclipse_avr/imt_sdk_win_64/winavr/bin/../lib/gcc/avr/4.3.3/avr5\libgcc.a(_copy_data.o)
 .text.libgcc   0x00003cee        0x0 e:/embedded diploma/eclipse_avr/imt_sdk_win_64/winavr/bin/../lib/gcc/avr/4.3.3/avr5\libgcc.a(_clear_bss.o)
 .text.libgcc   0x00003cee       0x38 e:/embedded diploma/eclipse_avr/imt_sdk_win_64/winavr/bin/../lib/gcc/avr/4.3.3/avr5\libgcc.a(_prologue.o)
                0x00003cee                __prologue_saves__
 .text.libgcc   0x00003d26       0x36 e:/embedded diploma/eclipse_avr/imt_sdk_win_64/winavr/bin/../lib/gcc/avr/4.3.3/avr5\libgcc.a(_epilogue.o)
                0x00003d26                __epilogue_restores__
 .text.avr-libc
                0x00003d5c        0xe e:/embedded diploma/eclipse_avr/imt_sdk_win_64/winavr/bin/../lib/gcc/avr/4.3.3/../../../../avr/lib/avr5\libc.a(memset.o)
                0x00003d5c                memset
 .text.avr-libc
                0x00003d6a       0x48 e:/embedded diploma/eclipse_avr/imt_sdk_win_64/winavr/bin/../lib/gcc/avr/4.3.3/../../../../avr/lib/avr5\libc.a(sprintf.o)
                0x00003d6a                sprintf
 .text.avr-libc
                0x00003db2      0x3ba e:/embedded diploma/eclipse_avr/imt_sdk_win_64/winavr/bin/../lib/gcc/avr/4.3.3/../../../../avr/lib/avr5\libc.a(vfprintf_std.o)
                0x00003db2                vfprintf
 .text.avr-libc
                0x0000416c       0x16 e:/embedded diploma/eclipse_avr/imt_sdk_win_64/winavr/bin/../lib/gcc/avr/4.3.3/../../../../avr/lib/avr5\libc.a(strnlen_P.o)
                0x0000416c                strnlen_P
 .text.avr-libc
                0x00004182       0x16 e:/embedded diploma/eclipse_avr/imt_sdk_win_64/winavr/bin/../lib/gcc/avr/4.3.3/../../../../avr/lib/avr5\libc.a(strnlen.o)
                0x00004182                strnlen
 .text.avr-libc
                0x00004198       0x58 e:/embedded diploma/eclipse_avr/imt_sdk_win_64/winavr/bin/../lib/gcc/avr/4.3.3/../../../../avr/lib/avr5\libc.a(fputc.o)
                0x00004198                fputc
 .text.avr-libc
                0x000041f0       0xbc e:/embedded diploma/eclipse_avr/imt_sdk_win_64/winavr/bin/../lib/gcc/avr/4.3.3/../../../../avr/lib/avr5\libc.a(ultoa_invert.o)
                0x000041f0                __ultoa_invert
                0x000042ac                . = ALIGN (0x2)
 *(.fini9)
 .fini9         0x000042ac        0x0 e:/embedded diploma/eclipse_avr/imt_sdk_win_64/winavr/bin/../lib/gcc/avr/4.3.3/avr5\libgcc.a(_exit.o)
                0x000042ac                exit
                0x000042ac                _exit
 *(.fini9)
 *(.fini8)
 *(.fini8)
 *(.fini7)
 *(.fini7)
 *(.fini6)
 *(.fini6)
 *(.fini5)
 *(.fini5)
 *(.fini4)
 *(.fini4)
 *(.fini3)
 *(.fini3)
 *(.fini2)
 *(.fini2)
 *(.fini1)
 *(.fini1)
 *(.fini0)
 .fini0         0x000042ac        0x4 e:/embedded diploma/eclipse_avr/imt_sdk_win_64/winavr/bin/../lib/gcc/avr/4.3.3/avr5\libgcc.a(_exit.o)
 *(.fini0)
                0x000042b0                _etext = .

.data           0x00800060       0x34 load address 0x000042b0
                0x00800060                PROVIDE (__data_start, .)
 *(.data)
 .data          0x00800060        0x0 e:/embedded diploma/eclipse_avr/imt_sdk_win_64/winavr/bin/../lib/gcc/avr/4.3.3/../../../../avr/lib/avr5/crtm32.o
 .data          0x00800060        0x0 ./mcal/uart/uart.o
 .data          0x00800060        0x0 ./mcal/timer0/timer0.o
 .data          0x00800060        0x0 ./mcal/spi/spi.o
 .data          0x00800060        0x0 ./mcal/interrupt/external_interrupt.o
 .data          0x00800060        0x0 ./mcal/interrupt/general_interrupt.o
 .data          0x00800060        0x0 ./mcal/i2c/i2c.o
 .data          0x00800060        0x0 ./mcal/gpio/gpio.o
 .data          0x00800060        0x0 ./mcal/eeprom/eeprom.o
 .data          0x00800060        0x0 ./hal/seven_segment/seven_segment.o
 .data          0x00800060        0x0 ./hal/relay/relay.o
 .data          0x00800060        0x0 ./hal/led/led.o
 .data          0x00800060        0x3 ./hal/lcd/lcd.o
 .data          0x00800063        0x0 ./hal/keypad/keypad.o
 .data          0x00800063        0x0 ./hal/button/button.o
 .data          0x00800063        0x0 ./app/app.o
 .data          0x00800063        0x0 e:/embedded diploma/eclipse_avr/imt_sdk_win_64/winavr/bin/../lib/gcc/avr/4.3.3/avr5\libgcc.a(_exit.o)
 .data          0x00800063        0x0 e:/embedded diploma/eclipse_avr/imt_sdk_win_64/winavr/bin/../lib/gcc/avr/4.3.3/avr5\libgcc.a(_copy_data.o)
 .data          0x00800063        0x0 e:/embedded diploma/eclipse_avr/imt_sdk_win_64/winavr/bin/../lib/gcc/avr/4.3.3/avr5\libgcc.a(_clear_bss.o)
 .data          0x00800063        0x0 e:/embedded diploma/eclipse_avr/imt_sdk_win_64/winavr/bin/../lib/gcc/avr/4.3.3/avr5\libgcc.a(_fixunssfsi.o)
 .data          0x00800063        0x0 e:/embedded diploma/eclipse_avr/imt_sdk_win_64/winavr/bin/../lib/gcc/avr/4.3.3/avr5\libgcc.a(_addsub_sf.o)
 .data          0x00800063        0x0 e:/embedded diploma/eclipse_avr/imt_sdk_win_64/winavr/bin/../lib/gcc/avr/4.3.3/avr5\libgcc.a(_mul_sf.o)
 .data          0x00800063        0x0 e:/embedded diploma/eclipse_avr/imt_sdk_win_64/winavr/bin/../lib/gcc/avr/4.3.3/avr5\libgcc.a(_div_sf.o)
 .data          0x00800063        0x0 e:/embedded diploma/eclipse_avr/imt_sdk_win_64/winavr/bin/../lib/gcc/avr/4.3.3/avr5\libgcc.a(_gt_sf.o)
 .data          0x00800063        0x0 e:/embedded diploma/eclipse_avr/imt_sdk_win_64/winavr/bin/../lib/gcc/avr/4.3.3/avr5\libgcc.a(_ge_sf.o)
 .data          0x00800063        0x0 e:/embedded diploma/eclipse_avr/imt_sdk_win_64/winavr/bin/../lib/gcc/avr/4.3.3/avr5\libgcc.a(_lt_sf.o)
 .data          0x00800063        0x0 e:/embedded diploma/eclipse_avr/imt_sdk_win_64/winavr/bin/../lib/gcc/avr/4.3.3/avr5\libgcc.a(_sf_to_si.o)
 .data          0x00800063        0x8 e:/embedded diploma/eclipse_avr/imt_sdk_win_64/winavr/bin/../lib/gcc/avr/4.3.3/avr5\libgcc.a(_thenan_sf.o)
                0x00800063                __thenan_sf
 .data          0x0080006b        0x0 e:/embedded diploma/eclipse_avr/imt_sdk_win_64/winavr/bin/../lib/gcc/avr/4.3.3/avr5\libgcc.a(_prologue.o)
 .data          0x0080006b        0x0 e:/embedded diploma/eclipse_avr/imt_sdk_win_64/winavr/bin/../lib/gcc/avr/4.3.3/avr5\libgcc.a(_epilogue.o)
 .data          0x0080006b        0x0 e:/embedded diploma/eclipse_avr/imt_sdk_win_64/winavr/bin/../lib/gcc/avr/4.3.3/avr5\libgcc.a(_pack_sf.o)
 .data          0x0080006b        0x0 e:/embedded diploma/eclipse_avr/imt_sdk_win_64/winavr/bin/../lib/gcc/avr/4.3.3/avr5\libgcc.a(_unpack_sf.o)
 .data          0x0080006b        0x0 e:/embedded diploma/eclipse_avr/imt_sdk_win_64/winavr/bin/../lib/gcc/avr/4.3.3/avr5\libgcc.a(_fpcmp_parts_sf.o)
 .data          0x0080006b        0x0 e:/embedded diploma/eclipse_avr/imt_sdk_win_64/winavr/bin/../lib/gcc/avr/4.3.3/../../../../avr/lib/avr5\libc.a(memset.o)
 .data          0x0080006b        0x0 e:/embedded diploma/eclipse_avr/imt_sdk_win_64/winavr/bin/../lib/gcc/avr/4.3.3/../../../../avr/lib/avr5\libc.a(sprintf.o)
 .data          0x0080006b        0x0 e:/embedded diploma/eclipse_avr/imt_sdk_win_64/winavr/bin/../lib/gcc/avr/4.3.3/../../../../avr/lib/avr5\libc.a(vfprintf_std.o)
 .data          0x0080006b        0x0 e:/embedded diploma/eclipse_avr/imt_sdk_win_64/winavr/bin/../lib/gcc/avr/4.3.3/../../../../avr/lib/avr5\libc.a(strnlen_P.o)
 .data          0x0080006b        0x0 e:/embedded diploma/eclipse_avr/imt_sdk_win_64/winavr/bin/../lib/gcc/avr/4.3.3/../../../../avr/lib/avr5\libc.a(strnlen.o)
 .data          0x0080006b        0x0 e:/embedded diploma/eclipse_avr/imt_sdk_win_64/winavr/bin/../lib/gcc/avr/4.3.3/../../../../avr/lib/avr5\libc.a(fputc.o)
 .data          0x0080006b        0x0 e:/embedded diploma/eclipse_avr/imt_sdk_win_64/winavr/bin/../lib/gcc/avr/4.3.3/../../../../avr/lib/avr5\libc.a(ultoa_invert.o)
 *(.data*)
 .data.Ddr_registers
                0x0080006b        0x8 ./mcal/gpio/gpio.o
                0x0080006b                Ddr_registers
 .data.Port_registers
                0x00800073        0x8 ./mcal/gpio/gpio.o
                0x00800073                Port_registers
 .data.Pin_registers
                0x0080007b        0x8 ./mcal/gpio/gpio.o
                0x0080007b                Pin_registers
 *(.rodata)
 *(.rodata*)
 .rodata.button_values
                0x00800083       0x10 ./hal/keypad/keypad.o
 *(.gnu.linkonce.d*)
                0x00800094                . = ALIGN (0x2)
 *fill*         0x00800093        0x1 00
                0x00800094                _edata = .
                0x00800094                PROVIDE (__data_end, .)

.bss            0x00800094        0xc
                0x00800094                PROVIDE (__bss_start, .)
 *(.bss)
 .bss           0x00800094        0x0 e:/embedded diploma/eclipse_avr/imt_sdk_win_64/winavr/bin/../lib/gcc/avr/4.3.3/../../../../avr/lib/avr5/crtm32.o
 .bss           0x00800094        0x0 ./mcal/uart/uart.o
 .bss           0x00800094        0x0 ./mcal/timer0/timer0.o
 .bss           0x00800094        0x0 ./mcal/spi/spi.o
 .bss           0x00800094        0x0 ./mcal/interrupt/external_interrupt.o
 .bss           0x00800094        0x0 ./mcal/interrupt/general_interrupt.o
 .bss           0x00800094        0x0 ./mcal/i2c/i2c.o
 .bss           0x00800094        0x0 ./mcal/gpio/gpio.o
 .bss           0x00800094        0x0 ./mcal/eeprom/eeprom.o
 .bss           0x00800094        0x0 ./hal/seven_segment/seven_segment.o
 .bss           0x00800094        0x0 ./hal/relay/relay.o
 .bss           0x00800094        0x0 ./hal/led/led.o
 .bss           0x00800094        0x0 ./hal/lcd/lcd.o
 .bss           0x00800094        0x0 ./hal/keypad/keypad.o
 .bss           0x00800094        0x0 ./hal/button/button.o
 .bss           0x00800094        0x0 ./app/app.o
 .bss           0x00800094        0x0 e:/embedded diploma/eclipse_avr/imt_sdk_win_64/winavr/bin/../lib/gcc/avr/4.3.3/avr5\libgcc.a(_exit.o)
 .bss           0x00800094        0x0 e:/embedded diploma/eclipse_avr/imt_sdk_win_64/winavr/bin/../lib/gcc/avr/4.3.3/avr5\libgcc.a(_copy_data.o)
 .bss           0x00800094        0x0 e:/embedded diploma/eclipse_avr/imt_sdk_win_64/winavr/bin/../lib/gcc/avr/4.3.3/avr5\libgcc.a(_clear_bss.o)
 .bss           0x00800094        0x0 e:/embedded diploma/eclipse_avr/imt_sdk_win_64/winavr/bin/../lib/gcc/avr/4.3.3/avr5\libgcc.a(_fixunssfsi.o)
 .bss           0x00800094        0x0 e:/embedded diploma/eclipse_avr/imt_sdk_win_64/winavr/bin/../lib/gcc/avr/4.3.3/avr5\libgcc.a(_addsub_sf.o)
 .bss           0x00800094        0x0 e:/embedded diploma/eclipse_avr/imt_sdk_win_64/winavr/bin/../lib/gcc/avr/4.3.3/avr5\libgcc.a(_mul_sf.o)
 .bss           0x00800094        0x0 e:/embedded diploma/eclipse_avr/imt_sdk_win_64/winavr/bin/../lib/gcc/avr/4.3.3/avr5\libgcc.a(_div_sf.o)
 .bss           0x00800094        0x0 e:/embedded diploma/eclipse_avr/imt_sdk_win_64/winavr/bin/../lib/gcc/avr/4.3.3/avr5\libgcc.a(_gt_sf.o)
 .bss           0x00800094        0x0 e:/embedded diploma/eclipse_avr/imt_sdk_win_64/winavr/bin/../lib/gcc/avr/4.3.3/avr5\libgcc.a(_ge_sf.o)
 .bss           0x00800094        0x0 e:/embedded diploma/eclipse_avr/imt_sdk_win_64/winavr/bin/../lib/gcc/avr/4.3.3/avr5\libgcc.a(_lt_sf.o)
 .bss           0x00800094        0x0 e:/embedded diploma/eclipse_avr/imt_sdk_win_64/winavr/bin/../lib/gcc/avr/4.3.3/avr5\libgcc.a(_sf_to_si.o)
 .bss           0x00800094        0x0 e:/embedded diploma/eclipse_avr/imt_sdk_win_64/winavr/bin/../lib/gcc/avr/4.3.3/avr5\libgcc.a(_thenan_sf.o)
 .bss           0x00800094        0x0 e:/embedded diploma/eclipse_avr/imt_sdk_win_64/winavr/bin/../lib/gcc/avr/4.3.3/avr5\libgcc.a(_prologue.o)
 .bss           0x00800094        0x0 e:/embedded diploma/eclipse_avr/imt_sdk_win_64/winavr/bin/../lib/gcc/avr/4.3.3/avr5\libgcc.a(_epilogue.o)
 .bss           0x00800094        0x0 e:/embedded diploma/eclipse_avr/imt_sdk_win_64/winavr/bin/../lib/gcc/avr/4.3.3/avr5\libgcc.a(_pack_sf.o)
 .bss           0x00800094        0x0 e:/embedded diploma/eclipse_avr/imt_sdk_win_64/winavr/bin/../lib/gcc/avr/4.3.3/avr5\libgcc.a(_unpack_sf.o)
 .bss           0x00800094        0x0 e:/embedded diploma/eclipse_avr/imt_sdk_win_64/winavr/bin/../lib/gcc/avr/4.3.3/avr5\libgcc.a(_fpcmp_parts_sf.o)
 .bss           0x00800094        0x0 e:/embedded diploma/eclipse_avr/imt_sdk_win_64/winavr/bin/../lib/gcc/avr/4.3.3/../../../../avr/lib/avr5\libc.a(memset.o)
 .bss           0x00800094        0x0 e:/embedded diploma/eclipse_avr/imt_sdk_win_64/winavr/bin/../lib/gcc/avr/4.3.3/../../../../avr/lib/avr5\libc.a(sprintf.o)
 .bss           0x00800094        0x0 e:/embedded diploma/eclipse_avr/imt_sdk_win_64/winavr/bin/../lib/gcc/avr/4.3.3/../../../../avr/lib/avr5\libc.a(vfprintf_std.o)
 .bss           0x00800094        0x0 e:/embedded diploma/eclipse_avr/imt_sdk_win_64/winavr/bin/../lib/gcc/avr/4.3.3/../../../../avr/lib/avr5\libc.a(strnlen_P.o)
 .bss           0x00800094        0x0 e:/embedded diploma/eclipse_avr/imt_sdk_win_64/winavr/bin/../lib/gcc/avr/4.3.3/../../../../avr/lib/avr5\libc.a(strnlen.o)
 .bss           0x00800094        0x0 e:/embedded diploma/eclipse_avr/imt_sdk_win_64/winavr/bin/../lib/gcc/avr/4.3.3/../../../../avr/lib/avr5\libc.a(fputc.o)
 .bss           0x00800094        0x0 e:/embedded diploma/eclipse_avr/imt_sdk_win_64/winavr/bin/../lib/gcc/avr/4.3.3/../../../../avr/lib/avr5\libc.a(ultoa_invert.o)
 *(.bss*)
 .bss.INT0_interrptHandler
                0x00800094        0x2 ./mcal/interrupt/external_interrupt.o
 .bss.INT1_interrptHandler
                0x00800096        0x2 ./mcal/interrupt/external_interrupt.o
 .bss.INT2_interrptHandler
                0x00800098        0x2 ./mcal/interrupt/external_interrupt.o
 *(COMMON)
 COMMON         0x0080009a        0x6 ./app/app.o
                0x0080009a                lcd
                0x008000a0                PROVIDE (__bss_end, .)
                0x000042b0                __data_load_start = LOADADDR (.data)
                0x000042e4                __data_load_end = (__data_load_start + SIZEOF (.data))

.noinit         0x008000a0        0x0
                0x008000a0                PROVIDE (__noinit_start, .)
 *(.noinit*)
                0x008000a0                PROVIDE (__noinit_end, .)
                0x008000a0                _end = .
                0x008000a0                PROVIDE (__heap_start, .)

.eeprom         0x00810000        0x0
 *(.eeprom*)
                0x00810000                __eeprom_end = .

.fuse
 *(.fuse)
 *(.lfuse)
 *(.hfuse)
 *(.efuse)

.lock
 *(.lock*)

.signature
 *(.signature*)

.stab           0x00000000     0x5e8c
 *(.stab)
 .stab          0x00000000      0x7a4 ./mcal/uart/uart.o
 .stab          0x000007a4       0xd8 ./mcal/timer0/timer0.o
                                 0xe4 (size before relaxing)
 .stab          0x0000087c      0x1ec ./mcal/spi/spi.o
                                0x3a8 (size before relaxing)
 .stab          0x00000a68      0x834 ./mcal/interrupt/external_interrupt.o
                                0xa38 (size before relaxing)
 .stab          0x0000129c      0x1c8 ./mcal/interrupt/general_interrupt.o
                                0x444 (size before relaxing)
 .stab          0x00001464      0x618 ./mcal/i2c/i2c.o
                                0x828 (size before relaxing)
 .stab          0x00001a7c      0x9cc ./mcal/gpio/gpio.o
                                0xbdc (size before relaxing)
 .stab          0x00002448      0x324 ./mcal/eeprom/eeprom.o
                                0x534 (size before relaxing)
 .stab          0x0000276c       0xd8 ./hal/seven_segment/seven_segment.o
                                 0xe4 (size before relaxing)
 .stab          0x00002844      0x594 ./hal/relay/relay.o
                                0x7a4 (size before relaxing)
 .stab          0x00002dd8      0x588 ./hal/led/led.o
                                0x78c (size before relaxing)
 .stab          0x00003360     0x1b9c ./hal/lcd/lcd.o
                               0x1dac (size before relaxing)
 .stab          0x00004efc      0x5b8 ./hal/keypad/keypad.o
                                0x7bc (size before relaxing)
 .stab          0x000054b4      0x48c ./hal/button/button.o
                                0x690 (size before relaxing)
 .stab          0x00005940      0x54c ./app/app.o
                                0x768 (size before relaxing)

.stabstr        0x00000000     0x3705
 *(.stabstr)
 .stabstr       0x00000000     0x3705 ./mcal/uart/uart.o

.stab.excl
 *(.stab.excl)

.stab.exclstr
 *(.stab.exclstr)

.stab.index
 *(.stab.index)

.stab.indexstr
 *(.stab.indexstr)

.comment
 *(.comment)

.debug
 *(.debug)

.line
 *(.line)

.debug_srcinfo
 *(.debug_srcinfo)

.debug_sfnames
 *(.debug_sfnames)

.debug_aranges  0x00000000      0x160
 *(.debug_aranges)
 .debug_aranges
                0x00000000       0x20 e:/embedded diploma/eclipse_avr/imt_sdk_win_64/winavr/bin/../lib/gcc/avr/4.3.3/avr5\libgcc.a(_fixunssfsi.o)
 .debug_aranges
                0x00000020       0x20 e:/embedded diploma/eclipse_avr/imt_sdk_win_64/winavr/bin/../lib/gcc/avr/4.3.3/avr5\libgcc.a(_addsub_sf.o)
 .debug_aranges
                0x00000040       0x20 e:/embedded diploma/eclipse_avr/imt_sdk_win_64/winavr/bin/../lib/gcc/avr/4.3.3/avr5\libgcc.a(_mul_sf.o)
 .debug_aranges
                0x00000060       0x20 e:/embedded diploma/eclipse_avr/imt_sdk_win_64/winavr/bin/../lib/gcc/avr/4.3.3/avr5\libgcc.a(_div_sf.o)
 .debug_aranges
                0x00000080       0x20 e:/embedded diploma/eclipse_avr/imt_sdk_win_64/winavr/bin/../lib/gcc/avr/4.3.3/avr5\libgcc.a(_gt_sf.o)
 .debug_aranges
                0x000000a0       0x20 e:/embedded diploma/eclipse_avr/imt_sdk_win_64/winavr/bin/../lib/gcc/avr/4.3.3/avr5\libgcc.a(_ge_sf.o)
 .debug_aranges
                0x000000c0       0x20 e:/embedded diploma/eclipse_avr/imt_sdk_win_64/winavr/bin/../lib/gcc/avr/4.3.3/avr5\libgcc.a(_lt_sf.o)
 .debug_aranges
                0x000000e0       0x20 e:/embedded diploma/eclipse_avr/imt_sdk_win_64/winavr/bin/../lib/gcc/avr/4.3.3/avr5\libgcc.a(_sf_to_si.o)
 .debug_aranges
                0x00000100       0x20 e:/embedded diploma/eclipse_avr/imt_sdk_win_64/winavr/bin/../lib/gcc/avr/4.3.3/avr5\libgcc.a(_pack_sf.o)
 .debug_aranges
                0x00000120       0x20 e:/embedded diploma/eclipse_avr/imt_sdk_win_64/winavr/bin/../lib/gcc/avr/4.3.3/avr5\libgcc.a(_unpack_sf.o)
 .debug_aranges
                0x00000140       0x20 e:/embedded diploma/eclipse_avr/imt_sdk_win_64/winavr/bin/../lib/gcc/avr/4.3.3/avr5\libgcc.a(_fpcmp_parts_sf.o)

.debug_pubnames
                0x00000000      0x18f
 *(.debug_pubnames)
 .debug_pubnames
                0x00000000       0x23 e:/embedded diploma/eclipse_avr/imt_sdk_win_64/winavr/bin/../lib/gcc/avr/4.3.3/avr5\libgcc.a(_fixunssfsi.o)
 .debug_pubnames
                0x00000023       0x2c e:/embedded diploma/eclipse_avr/imt_sdk_win_64/winavr/bin/../lib/gcc/avr/4.3.3/avr5\libgcc.a(_addsub_sf.o)
 .debug_pubnames
                0x0000004f       0x1f e:/embedded diploma/eclipse_avr/imt_sdk_win_64/winavr/bin/../lib/gcc/avr/4.3.3/avr5\libgcc.a(_mul_sf.o)
 .debug_pubnames
                0x0000006e       0x1f e:/embedded diploma/eclipse_avr/imt_sdk_win_64/winavr/bin/../lib/gcc/avr/4.3.3/avr5\libgcc.a(_div_sf.o)
 .debug_pubnames
                0x0000008d       0x1e e:/embedded diploma/eclipse_avr/imt_sdk_win_64/winavr/bin/../lib/gcc/avr/4.3.3/avr5\libgcc.a(_gt_sf.o)
 .debug_pubnames
                0x000000ab       0x1e e:/embedded diploma/eclipse_avr/imt_sdk_win_64/winavr/bin/../lib/gcc/avr/4.3.3/avr5\libgcc.a(_ge_sf.o)
 .debug_pubnames
                0x000000c9       0x1e e:/embedded diploma/eclipse_avr/imt_sdk_win_64/winavr/bin/../lib/gcc/avr/4.3.3/avr5\libgcc.a(_lt_sf.o)
 .debug_pubnames
                0x000000e7       0x20 e:/embedded diploma/eclipse_avr/imt_sdk_win_64/winavr/bin/../lib/gcc/avr/4.3.3/avr5\libgcc.a(_sf_to_si.o)
 .debug_pubnames
                0x00000107       0x22 e:/embedded diploma/eclipse_avr/imt_sdk_win_64/winavr/bin/../lib/gcc/avr/4.3.3/avr5\libgcc.a(_thenan_sf.o)
 .debug_pubnames
                0x00000129       0x1f e:/embedded diploma/eclipse_avr/imt_sdk_win_64/winavr/bin/../lib/gcc/avr/4.3.3/avr5\libgcc.a(_pack_sf.o)
 .debug_pubnames
                0x00000148       0x21 e:/embedded diploma/eclipse_avr/imt_sdk_win_64/winavr/bin/../lib/gcc/avr/4.3.3/avr5\libgcc.a(_unpack_sf.o)
 .debug_pubnames
                0x00000169       0x26 e:/embedded diploma/eclipse_avr/imt_sdk_win_64/winavr/bin/../lib/gcc/avr/4.3.3/avr5\libgcc.a(_fpcmp_parts_sf.o)

.debug_info     0x00000000     0x2045
 *(.debug_info)
 .debug_info    0x00000000       0xb1 e:/embedded diploma/eclipse_avr/imt_sdk_win_64/winavr/bin/../lib/gcc/avr/4.3.3/avr5\libgcc.a(_fixunssfsi.o)
 .debug_info    0x000000b1      0x47a e:/embedded diploma/eclipse_avr/imt_sdk_win_64/winavr/bin/../lib/gcc/avr/4.3.3/avr5\libgcc.a(_addsub_sf.o)
 .debug_info    0x0000052b      0x485 e:/embedded diploma/eclipse_avr/imt_sdk_win_64/winavr/bin/../lib/gcc/avr/4.3.3/avr5\libgcc.a(_mul_sf.o)
 .debug_info    0x000009b0      0x3fc e:/embedded diploma/eclipse_avr/imt_sdk_win_64/winavr/bin/../lib/gcc/avr/4.3.3/avr5\libgcc.a(_div_sf.o)
 .debug_info    0x00000dac      0x27f e:/embedded diploma/eclipse_avr/imt_sdk_win_64/winavr/bin/../lib/gcc/avr/4.3.3/avr5\libgcc.a(_gt_sf.o)
 .debug_info    0x0000102b      0x27f e:/embedded diploma/eclipse_avr/imt_sdk_win_64/winavr/bin/../lib/gcc/avr/4.3.3/avr5\libgcc.a(_ge_sf.o)
 .debug_info    0x000012aa      0x27f e:/embedded diploma/eclipse_avr/imt_sdk_win_64/winavr/bin/../lib/gcc/avr/4.3.3/avr5\libgcc.a(_lt_sf.o)
 .debug_info    0x00001529      0x2b0 e:/embedded diploma/eclipse_avr/imt_sdk_win_64/winavr/bin/../lib/gcc/avr/4.3.3/avr5\libgcc.a(_sf_to_si.o)
 .debug_info    0x000017d9      0x12c e:/embedded diploma/eclipse_avr/imt_sdk_win_64/winavr/bin/../lib/gcc/avr/4.3.3/avr5\libgcc.a(_thenan_sf.o)
 .debug_info    0x00001905      0x2df e:/embedded diploma/eclipse_avr/imt_sdk_win_64/winavr/bin/../lib/gcc/avr/4.3.3/avr5\libgcc.a(_pack_sf.o)
 .debug_info    0x00001be4      0x251 e:/embedded diploma/eclipse_avr/imt_sdk_win_64/winavr/bin/../lib/gcc/avr/4.3.3/avr5\libgcc.a(_unpack_sf.o)
 .debug_info    0x00001e35      0x210 e:/embedded diploma/eclipse_avr/imt_sdk_win_64/winavr/bin/../lib/gcc/avr/4.3.3/avr5\libgcc.a(_fpcmp_parts_sf.o)
 *(.gnu.linkonce.wi.*)

.debug_abbrev   0x00000000     0x1101
 *(.debug_abbrev)
 .debug_abbrev  0x00000000       0x5d e:/embedded diploma/eclipse_avr/imt_sdk_win_64/winavr/bin/../lib/gcc/avr/4.3.3/avr5\libgcc.a(_fixunssfsi.o)
 .debug_abbrev  0x0000005d      0x1ea e:/embedded diploma/eclipse_avr/imt_sdk_win_64/winavr/bin/../lib/gcc/avr/4.3.3/avr5\libgcc.a(_addsub_sf.o)
 .debug_abbrev  0x00000247      0x21b e:/embedded diploma/eclipse_avr/imt_sdk_win_64/winavr/bin/../lib/gcc/avr/4.3.3/avr5\libgcc.a(_mul_sf.o)
 .debug_abbrev  0x00000462      0x216 e:/embedded diploma/eclipse_avr/imt_sdk_win_64/winavr/bin/../lib/gcc/avr/4.3.3/avr5\libgcc.a(_div_sf.o)
 .debug_abbrev  0x00000678      0x15a e:/embedded diploma/eclipse_avr/imt_sdk_win_64/winavr/bin/../lib/gcc/avr/4.3.3/avr5\libgcc.a(_gt_sf.o)
 .debug_abbrev  0x000007d2      0x15a e:/embedded diploma/eclipse_avr/imt_sdk_win_64/winavr/bin/../lib/gcc/avr/4.3.3/avr5\libgcc.a(_ge_sf.o)
 .debug_abbrev  0x0000092c      0x15a e:/embedded diploma/eclipse_avr/imt_sdk_win_64/winavr/bin/../lib/gcc/avr/4.3.3/avr5\libgcc.a(_lt_sf.o)
 .debug_abbrev  0x00000a86      0x17f e:/embedded diploma/eclipse_avr/imt_sdk_win_64/winavr/bin/../lib/gcc/avr/4.3.3/avr5\libgcc.a(_sf_to_si.o)
 .debug_abbrev  0x00000c05       0xad e:/embedded diploma/eclipse_avr/imt_sdk_win_64/winavr/bin/../lib/gcc/avr/4.3.3/avr5\libgcc.a(_thenan_sf.o)
 .debug_abbrev  0x00000cb2      0x1c0 e:/embedded diploma/eclipse_avr/imt_sdk_win_64/winavr/bin/../lib/gcc/avr/4.3.3/avr5\libgcc.a(_pack_sf.o)
 .debug_abbrev  0x00000e72      0x154 e:/embedded diploma/eclipse_avr/imt_sdk_win_64/winavr/bin/../lib/gcc/avr/4.3.3/avr5\libgcc.a(_unpack_sf.o)
 .debug_abbrev  0x00000fc6      0x13b e:/embedded diploma/eclipse_avr/imt_sdk_win_64/winavr/bin/../lib/gcc/avr/4.3.3/avr5\libgcc.a(_fpcmp_parts_sf.o)

.debug_line     0x00000000      0xf82
 *(.debug_line)
 .debug_line    0x00000000       0xa7 e:/embedded diploma/eclipse_avr/imt_sdk_win_64/winavr/bin/../lib/gcc/avr/4.3.3/avr5\libgcc.a(_fixunssfsi.o)
 .debug_line    0x000000a7      0x2af e:/embedded diploma/eclipse_avr/imt_sdk_win_64/winavr/bin/../lib/gcc/avr/4.3.3/avr5\libgcc.a(_addsub_sf.o)
 .debug_line    0x00000356      0x239 e:/embedded diploma/eclipse_avr/imt_sdk_win_64/winavr/bin/../lib/gcc/avr/4.3.3/avr5\libgcc.a(_mul_sf.o)
 .debug_line    0x0000058f      0x1d5 e:/embedded diploma/eclipse_avr/imt_sdk_win_64/winavr/bin/../lib/gcc/avr/4.3.3/avr5\libgcc.a(_div_sf.o)
 .debug_line    0x00000764       0xd3 e:/embedded diploma/eclipse_avr/imt_sdk_win_64/winavr/bin/../lib/gcc/avr/4.3.3/avr5\libgcc.a(_gt_sf.o)
 .debug_line    0x00000837       0xd3 e:/embedded diploma/eclipse_avr/imt_sdk_win_64/winavr/bin/../lib/gcc/avr/4.3.3/avr5\libgcc.a(_ge_sf.o)
 .debug_line    0x0000090a       0xd3 e:/embedded diploma/eclipse_avr/imt_sdk_win_64/winavr/bin/../lib/gcc/avr/4.3.3/avr5\libgcc.a(_lt_sf.o)
 .debug_line    0x000009dd      0x109 e:/embedded diploma/eclipse_avr/imt_sdk_win_64/winavr/bin/../lib/gcc/avr/4.3.3/avr5\libgcc.a(_sf_to_si.o)
 .debug_line    0x00000ae6       0x90 e:/embedded diploma/eclipse_avr/imt_sdk_win_64/winavr/bin/../lib/gcc/avr/4.3.3/avr5\libgcc.a(_thenan_sf.o)
 .debug_line    0x00000b76      0x18a e:/embedded diploma/eclipse_avr/imt_sdk_win_64/winavr/bin/../lib/gcc/avr/4.3.3/avr5\libgcc.a(_pack_sf.o)
 .debug_line    0x00000d00      0x14b e:/embedded diploma/eclipse_avr/imt_sdk_win_64/winavr/bin/../lib/gcc/avr/4.3.3/avr5\libgcc.a(_unpack_sf.o)
 .debug_line    0x00000e4b      0x137 e:/embedded diploma/eclipse_avr/imt_sdk_win_64/winavr/bin/../lib/gcc/avr/4.3.3/avr5\libgcc.a(_fpcmp_parts_sf.o)

.debug_frame    0x00000000      0x180
 *(.debug_frame)
 .debug_frame   0x00000000       0x20 e:/embedded diploma/eclipse_avr/imt_sdk_win_64/winavr/bin/../lib/gcc/avr/4.3.3/avr5\libgcc.a(_fixunssfsi.o)
 .debug_frame   0x00000020       0x40 e:/embedded diploma/eclipse_avr/imt_sdk_win_64/winavr/bin/../lib/gcc/avr/4.3.3/avr5\libgcc.a(_addsub_sf.o)
 .debug_frame   0x00000060       0x20 e:/embedded diploma/eclipse_avr/imt_sdk_win_64/winavr/bin/../lib/gcc/avr/4.3.3/avr5\libgcc.a(_mul_sf.o)
 .debug_frame   0x00000080       0x20 e:/embedded diploma/eclipse_avr/imt_sdk_win_64/winavr/bin/../lib/gcc/avr/4.3.3/avr5\libgcc.a(_div_sf.o)
 .debug_frame   0x000000a0       0x20 e:/embedded diploma/eclipse_avr/imt_sdk_win_64/winavr/bin/../lib/gcc/avr/4.3.3/avr5\libgcc.a(_gt_sf.o)
 .debug_frame   0x000000c0       0x20 e:/embedded diploma/eclipse_avr/imt_sdk_win_64/winavr/bin/../lib/gcc/avr/4.3.3/avr5\libgcc.a(_ge_sf.o)
 .debug_frame   0x000000e0       0x20 e:/embedded diploma/eclipse_avr/imt_sdk_win_64/winavr/bin/../lib/gcc/avr/4.3.3/avr5\libgcc.a(_lt_sf.o)
 .debug_frame   0x00000100       0x20 e:/embedded diploma/eclipse_avr/imt_sdk_win_64/winavr/bin/../lib/gcc/avr/4.3.3/avr5\libgcc.a(_sf_to_si.o)
 .debug_frame   0x00000120       0x20 e:/embedded diploma/eclipse_avr/imt_sdk_win_64/winavr/bin/../lib/gcc/avr/4.3.3/avr5\libgcc.a(_pack_sf.o)
 .debug_frame   0x00000140       0x20 e:/embedded diploma/eclipse_avr/imt_sdk_win_64/winavr/bin/../lib/gcc/avr/4.3.3/avr5\libgcc.a(_unpack_sf.o)
 .debug_frame   0x00000160       0x20 e:/embedded diploma/eclipse_avr/imt_sdk_win_64/winavr/bin/../lib/gcc/avr/4.3.3/avr5\libgcc.a(_fpcmp_parts_sf.o)

.debug_str      0x00000000      0x2c2
 *(.debug_str)
 .debug_str     0x00000000       0xbf e:/embedded diploma/eclipse_avr/imt_sdk_win_64/winavr/bin/../lib/gcc/avr/4.3.3/avr5\libgcc.a(_fixunssfsi.o)
                                 0xfe (size before relaxing)
 .debug_str     0x000000bf      0x14d e:/embedded diploma/eclipse_avr/imt_sdk_win_64/winavr/bin/../lib/gcc/avr/4.3.3/avr5\libgcc.a(_addsub_sf.o)
                                0x206 (size before relaxing)
 .debug_str     0x0000020c       0x27 e:/embedded diploma/eclipse_avr/imt_sdk_win_64/winavr/bin/../lib/gcc/avr/4.3.3/avr5\libgcc.a(_mul_sf.o)
                                0x1bf (size before relaxing)
 .debug_str     0x00000233       0x35 e:/embedded diploma/eclipse_avr/imt_sdk_win_64/winavr/bin/../lib/gcc/avr/4.3.3/avr5\libgcc.a(_div_sf.o)
                                0x1c8 (size before relaxing)
 .debug_str     0x00000268        0xf e:/embedded diploma/eclipse_avr/imt_sdk_win_64/winavr/bin/../lib/gcc/avr/4.3.3/avr5\libgcc.a(_gt_sf.o)
                                0x195 (size before relaxing)
 .debug_str     0x00000277        0x8 e:/embedded diploma/eclipse_avr/imt_sdk_win_64/winavr/bin/../lib/gcc/avr/4.3.3/avr5\libgcc.a(_ge_sf.o)
                                0x195 (size before relaxing)
 .debug_str     0x0000027f        0x8 e:/embedded diploma/eclipse_avr/imt_sdk_win_64/winavr/bin/../lib/gcc/avr/4.3.3/avr5\libgcc.a(_lt_sf.o)
                                0x195 (size before relaxing)
 .debug_str     0x00000287        0xa e:/embedded diploma/eclipse_avr/imt_sdk_win_64/winavr/bin/../lib/gcc/avr/4.3.3/avr5\libgcc.a(_sf_to_si.o)
                                0x19e (size before relaxing)
 .debug_str     0x00000000      0x103 e:/embedded diploma/eclipse_avr/imt_sdk_win_64/winavr/bin/../lib/gcc/avr/4.3.3/avr5\libgcc.a(_thenan_sf.o)
 .debug_str     0x00000291       0x16 e:/embedded diploma/eclipse_avr/imt_sdk_win_64/winavr/bin/../lib/gcc/avr/4.3.3/avr5\libgcc.a(_pack_sf.o)
                                0x19d (size before relaxing)
 .debug_str     0x000002a7        0xb e:/embedded diploma/eclipse_avr/imt_sdk_win_64/winavr/bin/../lib/gcc/avr/4.3.3/avr5\libgcc.a(_unpack_sf.o)
                                0x17f (size before relaxing)
 .debug_str     0x000002b2       0x10 e:/embedded diploma/eclipse_avr/imt_sdk_win_64/winavr/bin/../lib/gcc/avr/4.3.3/avr5\libgcc.a(_fpcmp_parts_sf.o)
                                0x163 (size before relaxing)

.debug_loc      0x00000000      0x88e
 *(.debug_loc)
 .debug_loc     0x00000000       0x34 e:/embedded diploma/eclipse_avr/imt_sdk_win_64/winavr/bin/../lib/gcc/avr/4.3.3/avr5\libgcc.a(_fixunssfsi.o)
 .debug_loc     0x00000034      0x32a e:/embedded diploma/eclipse_avr/imt_sdk_win_64/winavr/bin/../lib/gcc/avr/4.3.3/avr5\libgcc.a(_addsub_sf.o)
 .debug_loc     0x0000035e      0x104 e:/embedded diploma/eclipse_avr/imt_sdk_win_64/winavr/bin/../lib/gcc/avr/4.3.3/avr5\libgcc.a(_mul_sf.o)
 .debug_loc     0x00000462       0xc0 e:/embedded diploma/eclipse_avr/imt_sdk_win_64/winavr/bin/../lib/gcc/avr/4.3.3/avr5\libgcc.a(_div_sf.o)
 .debug_loc     0x00000522       0x3c e:/embedded diploma/eclipse_avr/imt_sdk_win_64/winavr/bin/../lib/gcc/avr/4.3.3/avr5\libgcc.a(_gt_sf.o)
 .debug_loc     0x0000055e       0x3c e:/embedded diploma/eclipse_avr/imt_sdk_win_64/winavr/bin/../lib/gcc/avr/4.3.3/avr5\libgcc.a(_ge_sf.o)
 .debug_loc     0x0000059a       0x3c e:/embedded diploma/eclipse_avr/imt_sdk_win_64/winavr/bin/../lib/gcc/avr/4.3.3/avr5\libgcc.a(_lt_sf.o)
 .debug_loc     0x000005d6       0x7e e:/embedded diploma/eclipse_avr/imt_sdk_win_64/winavr/bin/../lib/gcc/avr/4.3.3/avr5\libgcc.a(_sf_to_si.o)
 .debug_loc     0x00000654      0x13e e:/embedded diploma/eclipse_avr/imt_sdk_win_64/winavr/bin/../lib/gcc/avr/4.3.3/avr5\libgcc.a(_pack_sf.o)
 .debug_loc     0x00000792       0xac e:/embedded diploma/eclipse_avr/imt_sdk_win_64/winavr/bin/../lib/gcc/avr/4.3.3/avr5\libgcc.a(_unpack_sf.o)
 .debug_loc     0x0000083e       0x50 e:/embedded diploma/eclipse_avr/imt_sdk_win_64/winavr/bin/../lib/gcc/avr/4.3.3/avr5\libgcc.a(_fpcmp_parts_sf.o)

.debug_macinfo
 *(.debug_macinfo)
OUTPUT(my_atmega32_drivers.elf elf32-avr)
LOAD linker stubs

.debug_ranges   0x00000000       0x50
 .debug_ranges  0x00000000       0x50 e:/embedded diploma/eclipse_avr/imt_sdk_win_64/winavr/bin/../lib/gcc/avr/4.3.3/avr5\libgcc.a(_mul_sf.o)
